---------------------------- PROCESS STARTED (12098) for package com.nearby.justnow ----------------------------
2026-06-03 22:25:04.012 12098-12098 AndroidRuntime          com.nearby.justnow                   D  Shutting down VM
2026-06-03 22:25:04.028 12098-12098 AndroidRuntime          com.nearby.justnow                   E  FATAL EXCEPTION: main
                                                                                                    Process: com.nearby.justnow, PID: 12098
                                                                                                    java.lang.IllegalStateException: Cannot access database on the main thread since it may potentially lock the UI for a long period of time.
                                                                                                    	at androidx.room.RoomDatabase.assertNotMainThread(RoomDatabase.android.kt:567)
                                                                                                    	at androidx.room.util.DBUtil__DBUtil_androidKt.performBlocking(DBUtil.android.kt:67)
                                                                                                    	at androidx.room.util.DBUtil.performBlocking(Unknown Source:1)
                                                                                                    	at com.nearby.justnow.data.dao.TimePeriodDao_Impl.getAllGroupsSync(TimePeriodDao_Impl.java:273)
                                                                                                    	at com.nearby.justnow.data.repository.TimePeriodRepository.getActivePeriodGroupSync(TimePeriodRepository.java:114)
                                                                                                    	at com.nearby.justnow.ui.taskschedule.TaskScheduleViewModel.getActivePeriodGroupForDate(TaskScheduleViewModel.java:139)
                                                                                                    	at com.nearby.justnow.ui.taskschedule.TaskScheduleFragment.refreshSlotView(TaskScheduleFragment.java:524)
                                                                                                    	at com.nearby.justnow.ui.taskschedule.TaskScheduleFragment.$r8$lambda$TZLan-2rAj2h0thuxZQCMK8zX4Q(Unknown Source:0)
                                                                                                    	at com.nearby.justnow.ui.taskschedule.TaskScheduleFragment$$ExternalSyntheticLambda5.run(D8$$SyntheticClass:0)
                                                                                                    	at com.nearby.justnow.ui.taskschedule.TaskScheduleViewModel.ensurePeriodsCached(TaskScheduleViewModel.java:114)
                                                                                                    	at com.nearby.justnow.ui.taskschedule.TaskScheduleFragment.refreshSlotViewAsync(TaskScheduleFragment.java:510)
                                                                                                    	at com.nearby.justnow.ui.taskschedule.TaskScheduleFragment.onTypeSelected(TaskScheduleFragment.java:276)
                                                                                                    	at com.nearby.justnow.ui.taskschedule.TaskScheduleFragment.lambda$buildTypeRadioGroup$2$com-nearby-justnow-ui-taskschedule-TaskScheduleFragment(TaskScheduleFragment.java:218)
                                                                                                    	at com.nearby.justnow.ui.taskschedule.TaskScheduleFragment$$ExternalSyntheticLambda13.onCheckedChanged(D8$$SyntheticClass:0)
                                                                                                    	at android.widget.RadioGroup.setCheckedId(RadioGroup.java:202)
                                                                                                    	at android.widget.RadioGroup.-$$Nest$msetCheckedId(Unknown Source:0)
                                                                                                    	at android.widget.RadioGroup$CheckedStateTracker.onCheckedChanged(RadioGroup.java:387)
                                                                                                    	at android.widget.CompoundButton.setChecked(CompoundButton.java:231)
                                                                                                    	at android.widget.RadioGroup.setCheckedStateForView(RadioGroup.java:215)
                                                                                                    	at android.widget.RadioGroup.check(RadioGroup.java:191)
                                                                                                    	at com.nearby.justnow.ui.taskschedule.TaskScheduleFragment.selectTypeRadioByTag(TaskScheduleFragment.java:229)
                                                                                                    	at com.nearby.justnow.ui.taskschedule.TaskScheduleFragment.lambda$loadInitialState$1$com-nearby-justnow-ui-taskschedule-TaskScheduleFragment(TaskScheduleFragment.java:134)
                                                                                                    	at com.nearby.justnow.ui.taskschedule.TaskScheduleFragment$$ExternalSyntheticLambda4.accept(D8$$SyntheticClass:0)
                                                                                                    	at com.nearby.justnow.ui.taskschedule.TaskScheduleViewModel.lambda$loadInitialState$0$com-nearby-justnow-ui-taskschedule-TaskScheduleViewModel(TaskScheduleViewModel.java:106)
                                                                                                    	at com.nearby.justnow.ui.taskschedule.TaskScheduleViewModel$$ExternalSyntheticLambda0.run(D8$$SyntheticClass:0)
                                                                                                    	at android.os.Handler.handleCallback(Handler.java:1070)
                                                                                                    	at android.os.Handler.dispatchMessage(Handler.java:125)
                                                                                                    	at android.os.Looper.dispatchMessage(Looper.java:333)
                                                                                                    	at android.os.Looper.loopOnce(Looper.java:263)
                                                                                                    	at android.os.Looper.loop(Looper.java:367)
                                                                                                    	at android.app.ActivityThread.main(ActivityThread.java:9287)
                                                                                                    	at java.lang.reflect.Method.invoke(Native Method)
                                                                                                    	at com.android.internal.os.RuntimeInit$MethodAndArgsCaller.run(RuntimeInit.java:566)
                                                                                                    	at com.android.internal.os.ZygoteInit.main(ZygoteInit.java:929)
---------------------------- PROCESS ENDED (12098) for package com.nearby.justnow ----------------------------
