kotlin version: 2.2.10
error message: Incremental compilation failed: Unexpected byte value for storeFullFqNames: 109
java.lang.AssertionError: Unexpected byte value for storeFullFqNames: 109
	at org.jetbrains.kotlin.com.intellij.openapi.diagnostic.DefaultLogger.error(DefaultLogger.java:83)
	at org.jetbrains.kotlin.com.intellij.openapi.diagnostic.Logger.error(Logger.java:436)
	at org.jetbrains.kotlin.com.intellij.util.io.PersistentEnumeratorBase.catchCorruption(PersistentEnumeratorBase.java:694)
	at org.jetbrains.kotlin.com.intellij.util.io.PersistentEnumeratorBase.doEnumerate(PersistentEnumeratorBase.java:265)
	at org.jetbrains.kotlin.com.intellij.util.io.PersistentEnumeratorBase.tryEnumerate(PersistentEnumeratorBase.java:256)
	at org.jetbrains.kotlin.com.intellij.util.io.PersistentMapImpl.doContainsMapping(PersistentMapImpl.java:739)
	at org.jetbrains.kotlin.com.intellij.util.io.PersistentMapImpl.containsKey(PersistentMapImpl.java:723)
	at org.jetbrains.kotlin.com.intellij.util.io.PersistentHashMap.containsMapping(PersistentHashMap.java:202)
	at org.jetbrains.kotlin.incremental.storage.LazyStorage.contains(LazyStorage.kt:72)
	at org.jetbrains.kotlin.incremental.storage.InMemoryStorage.contains(InMemoryStorage.kt:58)
	at org.jetbrains.kotlin.incremental.storage.AppendableSetBasicMap.contains(BasicMap.kt:130)
	at org.jetbrains.kotlin.incremental.TrackedLookupMap.recordSet(LookupStorage.kt:328)
	at org.jetbrains.kotlin.incremental.TrackedLookupMap.append(LookupStorage.kt:316)
	at org.jetbrains.kotlin.incremental.LookupStorage.addAll(LookupStorage.kt:124)
	at org.jetbrains.kotlin.incremental.BuildUtilKt.update(buildUtil.kt:134)
	at org.jetbrains.kotlin.incremental.IncrementalCompilerRunner.doCompile(IncrementalCompilerRunner.kt:550)
	at org.jetbrains.kotlin.incremental.IncrementalCompilerRunner.compileImpl(IncrementalCompilerRunner.kt:421)
	at org.jetbrains.kotlin.incremental.IncrementalCompilerRunner.tryCompileIncrementally$lambda$10$compile(IncrementalCompilerRunner.kt:254)
	at org.jetbrains.kotlin.incremental.IncrementalCompilerRunner.tryCompileIncrementally(IncrementalCompilerRunner.kt:272)
	at org.jetbrains.kotlin.incremental.IncrementalCompilerRunner.compile(IncrementalCompilerRunner.kt:124)
	at org.jetbrains.kotlin.daemon.CompileServiceImplBase.execIncrementalCompiler(CompileServiceImpl.kt:679)
	at org.jetbrains.kotlin.daemon.CompileServiceImplBase.access$execIncrementalCompiler(CompileServiceImpl.kt:93)
	at org.jetbrains.kotlin.daemon.CompileServiceImpl.compile(CompileServiceImpl.kt:1806)
	at java.base/jdk.internal.reflect.DirectMethodHandleAccessor.invoke(DirectMethodHandleAccessor.java:103)
	at java.base/java.lang.reflect.Method.invoke(Method.java:580)
	at java.rmi/sun.rmi.server.UnicastServerRef.dispatch(UnicastServerRef.java:360)
	at java.rmi/sun.rmi.transport.Transport$1.run(Transport.java:200)
	at java.rmi/sun.rmi.transport.Transport$1.run(Transport.java:197)
	at java.base/java.security.AccessController.doPrivileged(AccessController.java:714)
	at java.rmi/sun.rmi.transport.Transport.serviceCall(Transport.java:196)
	at java.rmi/sun.rmi.transport.tcp.TCPTransport.handleMessages(TCPTransport.java:598)
	at java.rmi/sun.rmi.transport.tcp.TCPTransport$ConnectionHandler.run0(TCPTransport.java:844)
	at java.rmi/sun.rmi.transport.tcp.TCPTransport$ConnectionHandler.lambda$run$0(TCPTransport.java:721)
	at java.base/java.security.AccessController.doPrivileged(AccessController.java:400)
	at java.rmi/sun.rmi.transport.tcp.TCPTransport$ConnectionHandler.run(TCPTransport.java:720)
	at java.base/java.util.concurrent.ThreadPoolExecutor.runWorker(ThreadPoolExecutor.java:1144)
	at java.base/java.util.concurrent.ThreadPoolExecutor$Worker.run(ThreadPoolExecutor.java:642)
	at java.base/java.lang.Thread.run(Thread.java:1583)
Caused by: java.lang.AssertionError: Unexpected byte value for storeFullFqNames: 109
	at org.jetbrains.kotlin.com.intellij.openapi.diagnostic.DefaultLogger.error(DefaultLogger.java:83)
	at org.jetbrains.kotlin.com.intellij.openapi.diagnostic.Logger.error(Logger.java:436)
	at org.jetbrains.kotlin.com.intellij.util.io.PersistentEnumeratorBase.catchCorruption(PersistentEnumeratorBase.java:694)
	at org.jetbrains.kotlin.com.intellij.util.io.PersistentEnumeratorBase.valueOf(PersistentEnumeratorBase.java:450)
	at org.jetbrains.kotlin.com.intellij.util.io.PersistentBTreeEnumerator.valueOf(PersistentBTreeEnumerator.java:779)
	at org.jetbrains.kotlin.com.intellij.util.io.PersistentEnumeratorBase.isKeyAtIndex(PersistentEnumeratorBase.java:397)
	at org.jetbrains.kotlin.com.intellij.util.io.PersistentBTreeEnumerator.enumerateImpl(PersistentBTreeEnumerator.java:596)
	at org.jetbrains.kotlin.com.intellij.util.io.PersistentEnumeratorBase.lambda$doEnumerate$0(PersistentEnumeratorBase.java:266)
	at org.jetbrains.kotlin.com.intellij.util.io.PersistentEnumeratorBase.catchCorruption(PersistentEnumeratorBase.java:671)
	... 35 more
Caused by: java.lang.IllegalStateException: Unexpected byte value for storeFullFqNames: 109
	at org.jetbrains.kotlin.incremental.storage.LookupSymbolKeyDescriptor.read(externalizers.kt:54)
	at org.jetbrains.kotlin.incremental.storage.LookupSymbolKeyDescriptor.read(externalizers.kt:43)
	at org.jetbrains.kotlin.com.intellij.util.io.keyStorage.AppendableStorageBackedByResizableMappedFile.read(AppendableStorageBackedByResizableMappedFile.java:92)
	at org.jetbrains.kotlin.com.intellij.util.io.PersistentEnumeratorBase.findValueFor(PersistentEnumeratorBase.java:462)
	at org.jetbrains.kotlin.com.intellij.util.io.PersistentEnumeratorBase.lambda$valueOf$2(PersistentEnumeratorBase.java:451)
	at org.jetbrains.kotlin.com.intellij.util.io.PersistentEnumeratorBase.catchCorruption(PersistentEnumeratorBase.java:671)
	... 41 more


